
> antigravity@0.0.0 build
> vite build

[36mvite v7.3.1 [32mbuilding client environment for production...[36m[39m
transforming...
[32mΓ£ô[39m 57 modules transformed.
rendering chunks...
computing gzip size...
[2mdist/[22m[32mindex.html                    [39m[1m[2m  0.54 kB[22m[1m[22m[2m Γöé gzip:  0.32 kB[22m
[2mdist/[22m[35massets/index-NjmsMntN.css     [39m[1m[2m  8.59 kB[22m[1m[22m[2m Γöé gzip:  2.49 kB[22m
[2mdist/[22m[36massets/NotFound-BEo-D2QO.js   [39m[1m[2m  0.52 kB[22m[1m[22m[2m Γöé gzip:  0.32 kB[22m
[2mdist/[22m[36massets/Login-CPjjsuAV.js      [39m[1m[2m  0.69 kB[22m[1m[22m[2m Γöé gzip:  0.40 kB[22m
[2mdist/[22m[36massets/Dashboard-CNcmApG2.js  [39m[1m[2m  0.74 kB[22m[1m[22m[2m Γöé gzip:  0.38 kB[22m
[2mdist/[22m[36massets/vendor-CIKRR6_E.js     [39m[1m[2m 31.59 kB[22m[1m[22m[2m Γöé gzip: 11.72 kB[22m
[2mdist/[22m[36massets/index-DZYNxf-v.js      [39m[1m[2m269.65 kB[22m[1m[22m[2m Γöé gzip: 86.92 kB[22m
[32mΓ£ô built in 3.02s[39m
